Resolved 101 packages in 271ms
Downloading tokenizers (3.1MiB)
Downloading pyarrow (47.8MiB)
Downloading pillow (6.6MiB)
Downloading pandas (10.3MiB)
Downloading torchao (3.2MiB)
Downloading transformers (9.8MiB)
Downloading bitsandbytes (41.1MiB)
Downloading hf-transfer (3.4MiB)
Downloading torchvision (7.2MiB)
Downloading diffusers (5.6MiB)
Downloading unsloth (24.9MiB)
Downloading xformers (3.1MiB)
Downloading unsloth-zoo (2.0MiB)
 Downloaded unsloth-zoo
 Downloaded tokenizers
 Downloaded torchao
 Downloaded xformers
 Downloaded hf-transfer
 Downloaded diffusers
 Downloaded pillow
 Downloaded torchvision
 Downloaded transformers
 Downloaded pandas
 Downloaded unsloth
 Downloaded bitsandbytes
 Downloaded pyarrow
Prepared 13 packages in 1m 19s
Uninstalled 3 packages in 931ms
Installed 47 packages in 777ms
 + accelerate==1.15.0
 + aiohappyeyeballs==2.7.1
 + aiohttp==3.14.3
 + aiosignal==1.4.0
 + attrs==26.1.0
 + bitsandbytes==0.50.2
 + charset-normalizer==3.5.2
 + cut-cross-entropy==25.1.1
 + datasets==4.3.0
 + diffusers==0.40.0
 + dill==0.4.0
 + docstring-parser==0.18.0
 + frozenlist==1.8.0
 - fsspec==2026.9.0
 + fsspec==2025.9.0
 + hf-transfer==0.1.9
 + importlib-metadata==9.0.1
 + msgspec==0.22.0
 + multidict==6.9.1
 + multiprocess==0.70.16
 + nest-asyncio==1.6.0
 + pandas==3.0.6
 + peft==0.21.2
 + pillow==12.3.0
 + propcache==0.5.4
 + protobuf==7.36.2
 + psutil==7.2.2
 + pyarrow==25.0.1
 + python-dateutil==2.9.0.post0
 + requests==2.34.2
 + sentencepiece==0.2.2
 + six==1.17.0
 + structlog==26.1.0
 - tokenizers==0.23.2
 + tokenizers==0.22.2
 + torchao==0.18.0
 + torchvision==0.26.0
 - transformers==5.17.0
 + transformers==5.5.0
 + trl==0.24.0
 + typeguard==4.6.0
 + tyro==1.0.16
 + unsloth==2026.9.14
 + unsloth-zoo==2026.9.9
 + urllib3==2.8.0
 + wheel==0.48.0
 + xformers==0.0.35
 + xxhash==4.0.1
 + yarl==1.25.1
 + zipp==4.1.0
